Microchip MPLAB XC8 Compiler V2.50

Linker command line:

-W-3 \
  --edf=C:\Program Files\Microchip\xc8\v2.50\pic\dat\20240725155939_en.msgs \
  -cn -h+dist/default/production\U2.X.production.sym \
  --cmf=dist/default/production\U2.X.production.cmf -z -Q18F4520 \
  -oC:\Users\PAWAN\AppData\Local\Temp\xcAs6v4.\driver_tmp_3.o \
  --defsym=__MPLAB_BUILD=1 --fixupoverflow=error \
  -Mdist/default/production/U2.X.production.map \
  --md=C:\Users\PAWAN\AppData\Local\Temp\xcAs6v4.\driver_tmp_0.dat -E1 \
  -ver=XC8 Compiler --acfsm=1493 -ACODE=00h-07FFFh -ACONST=00h-07FFFh \
  -ASMALLCONST=0600h-06FFhx122 -AMEDIUMCONST=0600h-07FFFh -ACOMRAM=01h-07Fh \
  -AABS1=00h-05FFh -ABIGRAM=01h-05FFh -ARAM=080h-0FFh,0100h-01FFhx5 \
  -ABANK0=080h-0FFh -ABANK1=0100h-01FFh -ABANK2=0200h-02FFh \
  -ABANK3=0300h-03FFh -ABANK4=0400h-04FFh -ABANK5=0500h-05FFh \
  -ASFR=0F80h-0FFFh -ABIGSFR=0F80h-0FFFh -ACONFIG=0300000h-030000Dh \
  -AIDLOC=0200000h-0200007h -AEEDATA=0F00000h-0F000FFh -peeprom_data=EEDATA \
  -preset_vec=00h,intcode,sivt_hi,intcodelo,sivt_lo,powerup,init \
  -pramtop=0600h -psmallconst=SMALLCONST -pmediumconst=MEDIUMCONST \
  -pconst=CONST -AFARRAM=00h-00h \
  -prdata=COMRAM,nvrram=COMRAM,nvbit=COMRAM,rbss=COMRAM,rbit=COMRAM \
  -pfarbss=FARRAM,fardata=FARRAM,nvFARRAM=FARRAM \
  -pintsave_regs=BIGRAM,bigbss=BIGRAM,bigdata=BIGRAM -pbss=RAM \
  -pidata=CODE,irdata=CODE,ibigdata=CODE,ifardata=CODE -prparam=COMRAM \
  C:\Users\PAWAN\AppData\Local\Temp\xcAs6v4.\driver_tmp_14.o \
  dist/default/production\U2.X.production.o 

Object code version is 3.11

Machine type is 18F4520



                Name                               Link     Load   Length Selector   Space Scale
C:\Users\PAWAN\AppData\Local\Temp\xcAs6v4.\driver_tmp_14.o
                init                                  0        0        4        0       0
dist/default/production\U2.X.production.o
                smallconst                          600      600       12      300       0
                text24                              EDE      EDE       12      309       0
                text23                              EC8      EC8       16      309       0
                text22                              E70      E70       26      309       0
                text21                              DAA      DAA       38      309       0
                text20                              F10      F10        8      309       0
                text19                              F08      F08        8      309       0
                text18                              F00      F00        8      309       0
                text17                              E96      E96       1C      309       0
                text16                              C88      C88       56      309       0
                text15                              8CC      8CC       C2      309       0
                text14                              98E      98E       AE      309       0
                text13                              E16      E16       34      309       0
                text12                              F18      F18        2      309       0
                text11                              A3C      A3C       AA      309       0
                text10                              D6E      D6E       3C      309       0
                text9                               B8A      B8A       8A      309       0
                text8                               612      612      162      309       0
                text7                               AE6      AE6       A4      309       0
                text6                               774      774      158      309       0
                text5                               D30      D30       3E      309       0
                text4                               DE2      DE2       34      309       0
                text3                               E4A      E4A       26      309       0
                text2                               CDE      CDE       52      309       0
                text1                               EF0      EF0       10      309       0
                text0                               C14      C14       74      309       0
                cstackCOMRAM                          1        1       51        1       1
                bssCOMRAM                            52       52       25        1       1
                cinit                               EB2      EB2       16      309       0

TOTAL           Name                               Link     Load   Length     Space
        CLASS   CODE           
                init                                  0        0        4         0
                text24                              EDE      EDE       12         0
                text23                              EC8      EC8       16         0
                text22                              E70      E70       26         0
                text21                              DAA      DAA       38         0
                text20                              F10      F10        8         0
                text19                              F08      F08        8         0
                text18                              F00      F00        8         0
                text17                              E96      E96       1C         0
                text16                              C88      C88       56         0
                text15                              8CC      8CC       C2         0
                text14                              98E      98E       AE         0
                text13                              E16      E16       34         0
                text12                              F18      F18        2         0
                text11                              A3C      A3C       AA         0
                text10                              D6E      D6E       3C         0
                text9                               B8A      B8A       8A         0
                text8                               612      612      162         0
                text7                               AE6      AE6       A4         0
                text6                               774      774      158         0
                text5                               D30      D30       3E         0
                text4                               DE2      DE2       34         0
                text3                               E4A      E4A       26         0
                text2                               CDE      CDE       52         0
                text1                               EF0      EF0       10         0
                text0                               C14      C14       74         0
                cinit                               EB2      EB2       16         0

        CLASS   CONST          

        CLASS   SMALLCONST     
                smallconst                          600      600       12         0

        CLASS   MEDIUMCONST    

        CLASS   COMRAM         
                cstackCOMRAM                          1        1       51         1
                bssCOMRAM                            52       52       25         1

        CLASS   ABS1           

        CLASS   BIGRAM         

        CLASS   RAM            

        CLASS   BANK0          

        CLASS   BANK1          

        CLASS   BANK2          

        CLASS   BANK3          

        CLASS   BANK4          

        CLASS   BANK5          

        CLASS   SFR            

        CLASS   BIGSFR         

        CLASS   CONFIG         

        CLASS   IDLOC          

        CLASS   EEDATA         

        CLASS   FARRAM         

        CLASS   HEAP           

        CLASS   STACK          



SEGMENTS        Name                           Load    Length   Top    Selector   Space  Class

                reset_vec                      000000  000004  000004         0       0  CODE    
                cstackCOMRAM                   000001  000076  000077         1       1  COMRAM  
                smallconst                     000600  000012  000612       300       0  SMALLCON
                text8                          000612  000908  000F1A       309       0  CODE    


UNUSED ADDRESS RANGES

        Name                Unused          Largest block    Delta
        BANK0            0080-00FF             80
        BANK1            0100-01FF            100
        BANK2            0200-02FF            100
        BANK3            0300-03FF            100
        BANK4            0400-04FF            100
        BANK5            0500-05FF            100
        BIGRAM           0077-05FF            589
        BIGSFR           0F80-0FFF             80
        CODE             0004-05FF            5FC
                         0F1A-7FFF           70E6
        COMRAM           0077-007F              9
        CONFIG           300000-30000D              E
        CONST            0004-05FF            5FC
                         0F1A-7FFF           70E6
        EEDATA           F00000-F000FF            100
        IDLOC            200000-200007              8
        MEDIUMCONST      0F1A-7FFF           70E6
        RAM              0080-05FF            100
        SFR              0F80-0FFF             80
        SMALLCONST       0F1A-7FFF            100

                                  Symbol Table

?___awdiv                   cstackCOMRAM 0001
?___awmod                   cstackCOMRAM 0001
?_abs                       cstackCOMRAM 0007
?_read_prec_or_width        cstackCOMRAM 0001
?_sprintf                   cstackCOMRAM 002D
?_vfprintf                  cstackCOMRAM 0029
_ACKDT                      (abs)        7E2D
_ACKEN                      (abs)        7E2C
_ACKSTAT                    (abs)        7E2E
_BF                         (abs)        7E38
_BRGH                       (abs)        7D62
_CREN                       (abs)        7D5C
_LATC0                      (abs)        7C58
_LATC1                      (abs)        7C59
_OERR                       (abs)        7D59
_PEN                        (abs)        7E2A
_PORTCbits                  (abs)        0F82
_RCEN                       (abs)        7E2B
_RCIF                       (abs)        7CF5
_RCREG                      (abs)        0FAE
_RSEN                       (abs)        7E29
_SEN                        (abs)        7E28
_SPBRG                      (abs)        0FAF
_SPEN                       (abs)        7D5F
_SSPADD                     (abs)        0FC8
_SSPBUF                     (abs)        0FC9
_SSPCON1                    (abs)        0FC6
_SSPCON2                    (abs)        0FC5
_SSPIF                      (abs)        7CF3
_SSPSTAT                    (abs)        0FC7
_SYNC                       (abs)        7D64
_TRISC0                     (abs)        7CA0
_TRISC1                     (abs)        7CA1
_TRISC6                     (abs)        7CA6
_TRISCbits                  (abs)        0F94
_TRMT                       (abs)        7D61
_TXEN                       (abs)        7D65
_TXREG                      (abs)        0FAD
__HRAM                      (abs)        0000
__H__absolute__             __absolute__ 0000
__Habs1                     abs1         0000
__Hbank0                    bank0        0000
__Hbank1                    bank1        0000
__Hbank2                    bank2        0000
__Hbank3                    bank3        0000
__Hbank4                    bank4        0000
__Hbank5                    bank5        0000
__Hbigbss                   bigbss       0000
__Hbigdata                  bigdata      0000
__Hbigram                   bigram       0000
__Hbigsfr                   bigsfr       0000
__Hbss                      bss          0000
__HbssCOMRAM                bssCOMRAM    0000
__Hcinit                    cinit        0000
__Hclrtext                  clrtext      0000
__Hcomram                   comram       0000
__Hconfig                   config       0000
__Hconst                    const        0000
__HcstackCOMRAM             cstackCOMRAM 0000
__Hdata                     data         0000
__Heeprom_data              eeprom_data  0000
__Hfarbss                   farbss       0000
__Hfardata                  fardata      0000
__Hheap                     heap         0000
__Hibigdata                 ibigdata     0000
__Hidata                    idata        0000
__Hidloc                    idloc        0000
__Hifardata                 ifardata     0000
__Hinit                     init         0004
__Hintcode                  intcode      0000
__Hintcode_body             intcode_body 0000
__Hintcodelo                intcodelo    0000
__Hintentry                 intentry     0000
__Hintret                   intret       0000
__Hintsave_regs             intsave_regs 0000
__Hirdata                   irdata       0000
__Hmediumconst              mediumconst  0000
__HnvFARRAM                 nvFARRAM     0000
__Hnvbit                    nvbit        0000
__Hnvrram                   nvrram       0000
__Hparam                    rparam       0000
__Hpowerup                  powerup      0000
__Hram                      ram          0000
__Hramtop                   ramtop       0600
__Hrbit                     rbit         0000
__Hrbss                     rbss         0000
__Hrdata                    rdata        0000
__Hreset_vec                reset_vec    0000
__Hrparam                   rparam       0000
__Hsfr                      sfr          0000
__Hsivt_hi                  sivt_hi      0000
__Hsivt_lo                  sivt_lo      0000
__Hsmallconst               smallconst   0612
__Hspace_0                  (abs)        0F1A
__Hspace_1                  (abs)        0077
__Hspace_2                  (abs)        0000
__Hspace_4                  (abs)        0000
__Hstack                    stack        0000
__Hstruct                   struct       0000
__Htemp                     temp         0000
__Htext                     text         0000
__Htext0                    text0        0000
__Htext1                    text1        0000
__Htext10                   text10       0000
__Htext11                   text11       0000
__Htext12                   text12       0000
__Htext13                   text13       0000
__Htext14                   text14       0000
__Htext15                   text15       0000
__Htext16                   text16       0000
__Htext17                   text17       0000
__Htext18                   text18       0000
__Htext19                   text19       0000
__Htext2                    text2        0000
__Htext20                   text20       0000
__Htext21                   text21       0000
__Htext22                   text22       0000
__Htext23                   text23       0000
__Htext24                   text24       0000
__Htext3                    text3        0000
__Htext4                    text4        0000
__Htext5                    text5        0000
__Htext6                    text6        0000
__Htext7                    text7        0000
__Htext8                    text8        0000
__Htext9                    text9        0000
__LRAM                      (abs)        0001
__L__absolute__             __absolute__ 0000
__Labs1                     abs1         0000
__Lbank0                    bank0        0000
__Lbank1                    bank1        0000
__Lbank2                    bank2        0000
__Lbank3                    bank3        0000
__Lbank4                    bank4        0000
__Lbank5                    bank5        0000
__Lbigbss                   bigbss       0000
__Lbigdata                  bigdata      0000
__Lbigram                   bigram       0000
__Lbigsfr                   bigsfr       0000
__Lbss                      bss          0000
__LbssCOMRAM                bssCOMRAM    0000
__Lcinit                    cinit        0000
__Lclrtext                  clrtext      0000
__Lcomram                   comram       0000
__Lconfig                   config       0000
__Lconst                    const        0000
__LcstackCOMRAM             cstackCOMRAM 0000
__Ldata                     data         0000
__Leeprom_data              eeprom_data  0000
__Lfarbss                   farbss       0000
__Lfardata                  fardata      0000
__Lheap                     heap         0000
__Libigdata                 ibigdata     0000
__Lidata                    idata        0000
__Lidloc                    idloc        0000
__Lifardata                 ifardata     0000
__Linit                     init         0000
__Lintcode                  intcode      0000
__Lintcode_body             intcode_body 0000
__Lintcodelo                intcodelo    0000
__Lintentry                 intentry     0000
__Lintret                   intret       0000
__Lintsave_regs             intsave_regs 0000
__Lirdata                   irdata       0000
__Lmediumconst              mediumconst  0000
__LnvFARRAM                 nvFARRAM     0000
__Lnvbit                    nvbit        0000
__Lnvrram                   nvrram       0000
__Lparam                    rparam       0000
__Lpowerup                  powerup      0000
__Lram                      ram          0000
__Lramtop                   ramtop       0600
__Lrbit                     rbit         0000
__Lrbss                     rbss         0000
__Lrdata                    rdata        0000
__Lreset_vec                reset_vec    0000
__Lrparam                   rparam       0000
__Lsfr                      sfr          0000
__Lsivt_hi                  sivt_hi      0000
__Lsivt_lo                  sivt_lo      0000
__Lsmallconst               smallconst   0600
__Lspace_0                  (abs)        0000
__Lspace_1                  (abs)        0000
__Lspace_2                  (abs)        0000
__Lspace_4                  (abs)        0000
__Lstack                    stack        0000
__Lstruct                   struct       0000
__Ltemp                     temp         0000
__Ltext                     text         0000
__Ltext0                    text0        0000
__Ltext1                    text1        0000
__Ltext10                   text10       0000
__Ltext11                   text11       0000
__Ltext12                   text12       0000
__Ltext13                   text13       0000
__Ltext14                   text14       0000
__Ltext15                   text15       0000
__Ltext16                   text16       0000
__Ltext17                   text17       0000
__Ltext18                   text18       0000
__Ltext19                   text19       0000
__Ltext2                    text2        0000
__Ltext20                   text20       0000
__Ltext21                   text21       0000
__Ltext22                   text22       0000
__Ltext23                   text23       0000
__Ltext24                   text24       0000
__Ltext3                    text3        0000
__Ltext4                    text4        0000
__Ltext5                    text5        0000
__Ltext6                    text6        0000
__Ltext7                    text7        0000
__Ltext8                    text8        0000
__Ltext9                    text9        0000
__S0                        (abs)        0F1A
__S1                        (abs)        0077
__S4                        (abs)        0000
__S5                        (abs)        0000
___awdiv                    text15       08CC
___awdiv@counter            cstackCOMRAM 0005
___awdiv@dividend           cstackCOMRAM 0001
___awdiv@divisor            cstackCOMRAM 0003
___awdiv@quotient           cstackCOMRAM 0007
___awdiv@sign               cstackCOMRAM 0006
___awmod                    text14       098E
___awmod@counter            cstackCOMRAM 0005
___awmod@dividend           cstackCOMRAM 0001
___awmod@divisor            cstackCOMRAM 0003
___awmod@sign               cstackCOMRAM 0006
___heap_hi                  (abs)        0000
___heap_lo                  (abs)        0000
___inthi_sp                 stack        0000
___inthi_stack_hi           stack        0000
___inthi_stack_lo           stack        0000
___intlo_sp                 stack        0000
___intlo_stack_hi           stack        0000
___intlo_stack_lo           stack        0000
___param_bank               (abs)        0000
___rparam_used              (abs)        0001
___sp                       stack        0000
___stack_hi                 stack        0000
___stack_lo                 stack        0000
__accesstop                 (abs)        0080
__activetblptr              (abs)        0002
__end_of___awdiv            text15       098E
__end_of___awmod            text14       0A3C
__end_of__initialization    cinit        0EBE
__end_of_abs                text13       0E4A
__end_of_bcd_to_dec         text23       0EDE
__end_of_dtoa               text8        0774
__end_of_fputc              text11       0AE6
__end_of_fputs              text10       0DAA
__end_of_i2c_init           text24       0EF0
__end_of_i2c_read           text21       0DE2
__end_of_i2c_restart        text20       0F18
__end_of_i2c_start          text19       0F10
__end_of_i2c_stop           text18       0F08
__end_of_i2c_wait           text22       0E96
__end_of_i2c_write          text17       0EB2
__end_of_main               text0        0C88
__end_of_pad                text9        0C14
__end_of_putch              text12       0F1A
__end_of_read_prec_or_width text7        0B8A
__end_of_rtc_get_time       text16       0CDE
__end_of_sprintf            text4        0E16
__end_of_tx_str             text2        0D30
__end_of_uart_init          text1        0F00
__end_of_uart_write_char    text3        0E70
__end_of_vfpfcnvrt          text6        08CC
__end_of_vfprintf           text5        0D6E
__initialization            cinit        0EB2
__mediumconst               mediumconst  0000
__pbssCOMRAM                bssCOMRAM    0052
__pcinit                    cinit        0EB2
__pcstackCOMRAM             cstackCOMRAM 0001
__psmallconst               smallconst   0600
__ptext0                    text0        0C14
__ptext1                    text1        0EF0
__ptext10                   text10       0D6E
__ptext11                   text11       0A3C
__ptext12                   text12       0F18
__ptext13                   text13       0E16
__ptext14                   text14       098E
__ptext15                   text15       08CC
__ptext16                   text16       0C88
__ptext17                   text17       0E96
__ptext18                   text18       0F00
__ptext19                   text19       0F08
__ptext2                    text2        0CDE
__ptext20                   text20       0F10
__ptext21                   text21       0DAA
__ptext22                   text22       0E70
__ptext23                   text23       0EC8
__ptext24                   text24       0EDE
__ptext3                    text3        0E4A
__ptext4                    text4        0DE2
__ptext5                    text5        0D30
__ptext6                    text6        0774
__ptext7                    text7        0AE6
__ptext8                    text8        0612
__ptext9                    text9        0B8A
__ramtop                    ramtop       0600
__smallconst                smallconst   0600
_abs                        text13       0E16
_bcd_to_dec                 text23       0EC8
_dbuf                       bssCOMRAM    0057
_dtoa                       text8        0612
_dtoa$860                   cstackCOMRAM 0018
_flags                      bssCOMRAM    0056
_fputc                      text11       0A3C
_fputs                      text10       0D6E
_i2c_init                   text24       0EDE
_i2c_read                   text21       0DAA
_i2c_restart                text20       0F10
_i2c_start                  text19       0F08
_i2c_stop                   text18       0F00
_i2c_wait                   text22       0E70
_i2c_write                  text17       0E96
_main                       text0        0C14
_pad                        text9        0B8A
_prec                       bssCOMRAM    0054
_putch                      text12       0F18
_read_prec_or_width         text7        0AE6
_rtc_get_time               text16       0C88
_sprintf                    text4        0DE2
_tx_str                     text2        0CDE
_uart_init                  text1        0EF0
_uart_write_char            text3        0E4A
_vfpfcnvrt                  text6        0774
_vfprintf                   text5        0D30
_width                      bssCOMRAM    0052
abs@a                       cstackCOMRAM 0007
bcd_to_dec@val              cstackCOMRAM 0002
dtoa@d                      cstackCOMRAM 0016
dtoa@fp                     cstackCOMRAM 0015
dtoa@i                      cstackCOMRAM 001E
dtoa@p                      cstackCOMRAM 001A
dtoa@s                      cstackCOMRAM 001D
dtoa@w                      cstackCOMRAM 001B
end_of_initialization       cinit        0EBE
fputc@c                     cstackCOMRAM 0001
fputc@fp                    cstackCOMRAM 0003
fputs@c                     cstackCOMRAM 000B
fputs@fp                    cstackCOMRAM 000A
fputs@i                     cstackCOMRAM 000C
fputs@s                     cstackCOMRAM 0009
i2c_read@ack                cstackCOMRAM 0002
i2c_read@data               cstackCOMRAM 0003
i2c_write@data              cstackCOMRAM 0002
intlevel0                   text         0000
intlevel1                   text         0000
intlevel2                   text         0000
intlevel3                   text         0000
isa$std                     (abs)        0001
isa$xinst                   (abs)        0000
main@buffer                 cstackCOMRAM 0043
main@h                      cstackCOMRAM 004F
main@m                      cstackCOMRAM 0050
main@s                      cstackCOMRAM 0051
pad@buf                     cstackCOMRAM 000F
pad@fp                      cstackCOMRAM 000E
pad@i                       cstackCOMRAM 0013
pad@p                       cstackCOMRAM 0010
read_prec_or_width@ap       cstackCOMRAM 0002
read_prec_or_width@c        cstackCOMRAM 0005
read_prec_or_width@fmt      cstackCOMRAM 0001
read_prec_or_width@n        cstackCOMRAM 0006
rtc_get_time@h              cstackCOMRAM 0004
rtc_get_time@m              cstackCOMRAM 0005
rtc_get_time@s              cstackCOMRAM 0006
sprintf@ap                  cstackCOMRAM 0035
sprintf@f                   cstackCOMRAM 0036
sprintf@fmt                 cstackCOMRAM 002E
sprintf@s                   cstackCOMRAM 002D
stackhi                     (abs)        0000
stacklo                     (abs)        0000
start                       init         0000
start_initialization        cinit        0EB2
tx_str@str                  cstackCOMRAM 0003
uart_write_char@data        cstackCOMRAM 0002
vfpfcnvrt@ap                cstackCOMRAM 0022
vfpfcnvrt@convarg           cstackCOMRAM 0023
vfpfcnvrt@cp                cstackCOMRAM 0028
vfpfcnvrt@done              cstackCOMRAM 0027
vfpfcnvrt@fmt               cstackCOMRAM 0021
vfpfcnvrt@fp                cstackCOMRAM 0020
vfprintf@ap                 cstackCOMRAM 002B
vfprintf@cfmt               cstackCOMRAM 002C
vfprintf@fmt                cstackCOMRAM 002A
vfprintf@fp                 cstackCOMRAM 0029


MODULE INFORMATION

Module		Function		Class		Link	Load	Size
C:\Program Files\Microchip\xc8\v2.50\pic\sources\c99\common\nf_fputs.c
		_fputs         		CODE           	0D6E	0000	60

C:\Program Files\Microchip\xc8\v2.50\pic\sources\c99\common\nf_fputs.c estimated size: 60

i2c.c
		_i2c_start     		CODE           	0F08	0000	8
		_i2c_restart   		CODE           	0F10	0000	8
		_i2c_write     		CODE           	0E96	0000	28
		_i2c_stop      		CODE           	0F00	0000	8
		_i2c_wait      		CODE           	0E70	0000	38
		_i2c_read      		CODE           	0DAA	0000	56
		_i2c_init      		CODE           	0EDE	0000	18

i2c.c estimated size: 164

C:\Program Files\Microchip\xc8\v2.50\pic\sources\c99\common\awmod.c
		___awmod       		CODE           	098E	0000	174

C:\Program Files\Microchip\xc8\v2.50\pic\sources\c99\common\awmod.c estimated size: 174

C:\Program Files\Microchip\xc8\v2.50\pic\sources\c99\common\putch.c
		_putch         		CODE           	0F18	0000	2

C:\Program Files\Microchip\xc8\v2.50\pic\sources\c99\common\putch.c estimated size: 2

C:\Program Files\Microchip\xc8\v2.50\pic\sources\c99\common\abs.c
		_abs           		CODE           	0E16	0000	52

C:\Program Files\Microchip\xc8\v2.50\pic\sources\c99\common\abs.c estimated size: 52

C:\Program Files\Microchip\xc8\v2.50\pic\sources\c99\common\nf_sprintf.c
		_sprintf       		CODE           	0DE2	0000	52

C:\Program Files\Microchip\xc8\v2.50\pic\sources\c99\common\nf_sprintf.c estimated size: 52

C:\Program Files\Microchip\xc8\v2.50\pic\sources\c99\common\nf_fputc.c
		_fputc         		CODE           	0A3C	0000	170

C:\Program Files\Microchip\xc8\v2.50\pic\sources\c99\common\nf_fputc.c estimated size: 170

shared
		__initialization		CODE           	0EB2	0000	12

shared estimated size: 12

rtc_ds1307.c
		_bcd_to_dec    		CODE           	0EC8	0000	22
		_rtc_get_time  		CODE           	0C88	0000	86

rtc_ds1307.c estimated size: 108

U2_main.c
		_main          		CODE           	0C14	0000	116

U2_main.c estimated size: 116

C:\Program Files\Microchip\xc8\v2.50\pic\sources\c99\common\awdiv.c
		___awdiv       		CODE           	08CC	0000	194

C:\Program Files\Microchip\xc8\v2.50\pic\sources\c99\common\awdiv.c estimated size: 194

C:\Program Files\Microchip\xc8\v2.50\pic\sources\c99\common\doprnt.c
		_read_prec_or_width		CODE           	0AE6	0000	164
		_vfpfcnvrt     		CODE           	0774	0000	344
		_pad           		CODE           	0B8A	0000	138
		_dtoa          		CODE           	0612	0000	354
		_vfprintf      		CODE           	0D30	0000	62

C:\Program Files\Microchip\xc8\v2.50\pic\sources\c99\common\doprnt.c estimated size: 1062

U2_uart.c
		_tx_str        		CODE           	0CDE	0000	82
		_uart_init     		CODE           	0EF0	0000	16
		_uart_write_char		CODE           	0E4A	0000	38

U2_uart.c estimated size: 136

