Microchip MPLAB XC8 Compiler V2.50

Linker command line:

-W-3 \
  --edf=C:\Program Files\Microchip\xc8\v2.50\pic\dat\20240725155939_en.msgs \
  -cn -h+dist/default/production\My_Project.X.production.sym \
  --cmf=dist/default/production\My_Project.X.production.cmf -z -Q18F4550 \
  -oC:\Users\PAWAN\AppData\Local\Temp\xcAsi7o.\driver_tmp_3.o \
  --defsym=__MPLAB_BUILD=1 --fixupoverflow=error \
  -Mdist/default/production/My_Project.X.production.map \
  --md=C:\Users\PAWAN\AppData\Local\Temp\xcAsi7o.\driver_tmp_0.dat -E1 \
  -ver=XC8 Compiler --acfsm=1493 -ACODE=00h-07FFFh -ACONST=00h-07FFFh \
  -ASMALLCONST=0800h-08FFhx120 -AMEDIUMCONST=0800h-07FFFh -ACOMRAM=01h-05Fh \
  -AABS1=00h-07FFh -ABIGRAM=01h-07FFh -ARAM=060h-0FFh,0100h-01FFhx7 \
  -ABANK0=060h-0FFh -ABANK1=0100h-01FFh -ABANK2=0200h-02FFh \
  -ABANK3=0300h-03FFh -ABANK4=0400h-04FFh -ABANK5=0500h-05FFh \
  -ABANK6=0600h-06FFh -ABANK7=0700h-07FFh -ASFR=0F60h-0FFFh \
  -ABIGSFR=0F60h-0FFFh -ACONFIG=0300000h-030000Dh -AIDLOC=0200000h-0200007h \
  -AEEDATA=0F00000h-0F000FFh -peeprom_data=EEDATA \
  -preset_vec=00h,intcode,sivt_hi,intcodelo,sivt_lo,powerup,init \
  -pramtop=0800h -psmallconst=SMALLCONST -pmediumconst=MEDIUMCONST \
  -pconst=CONST -AFARRAM=00h-00h \
  -prdata=COMRAM,nvrram=COMRAM,nvbit=COMRAM,rbss=COMRAM,rbit=COMRAM \
  -pfarbss=FARRAM,fardata=FARRAM,nvFARRAM=FARRAM \
  -pintsave_regs=BIGRAM,bigbss=BIGRAM,bigdata=BIGRAM -pbss=RAM \
  -pidata=CODE,irdata=CODE,ibigdata=CODE,ifardata=CODE -prparam=COMRAM \
  C:\Users\PAWAN\AppData\Local\Temp\xcAsi7o.\driver_tmp_9.o \
  dist/default/production\My_Project.X.production.o 

Object code version is 3.11

Machine type is 18F4550



                Name                               Link     Load   Length Selector   Space Scale
C:\Users\PAWAN\AppData\Local\Temp\xcAsi7o.\driver_tmp_9.o
                init                                  0        0        4        0       0
dist/default/production\My_Project.X.production.o
                smallconst                          800      800       3C      400       0
                text6                               96A      96A       1E      41E       0
                text5                               944      944       26      41E       0
                text4                               998      998        E      41E       0
                text3                               83C      83C       5E      41E       0
                text2                               988      988       10      41E       0
                text1                               89A      89A       46      41E       0
                text0                               916      916       2E      41E       0
                cstackCOMRAM                          1        1       10        1       1
                dataCOMRAM                           19       19        5        1       1
                bssCOMRAM                            11       11        8        1       1
                cinit                               8E0      8E0       36      41E       0
                idataCOMRAM                         9A6      9A6        5      41E       0

TOTAL           Name                               Link     Load   Length     Space
        CLASS   CODE           
                init                                  0        0        4         0
                text6                               96A      96A       1E         0
                text5                               944      944       26         0
                text4                               998      998        E         0
                text3                               83C      83C       5E         0
                text2                               988      988       10         0
                text1                               89A      89A       46         0
                text0                               916      916       2E         0
                cinit                               8E0      8E0       36         0
                idataCOMRAM                         9A6      9A6        5         0

        CLASS   CONST          

        CLASS   SMALLCONST     
                smallconst                          800      800       3C         0

        CLASS   MEDIUMCONST    

        CLASS   COMRAM         
                cstackCOMRAM                          1        1       10         1
                dataCOMRAM                           19       19        5         1
                bssCOMRAM                            11       11        8         1

        CLASS   ABS1           

        CLASS   BIGRAM         

        CLASS   RAM            

        CLASS   BANK0          

        CLASS   BANK1          

        CLASS   BANK2          

        CLASS   BANK3          

        CLASS   BANK4          

        CLASS   BANK5          

        CLASS   BANK6          

        CLASS   BANK7          

        CLASS   SFR            

        CLASS   BIGSFR         

        CLASS   CONFIG         

        CLASS   IDLOC          

        CLASS   EEDATA         

        CLASS   FARRAM         

        CLASS   HEAP           

        CLASS   STACK          



SEGMENTS        Name                           Load    Length   Top    Selector   Space  Class

                reset_vec                      000000  000004  000004         0       0  CODE    
                cstackCOMRAM                   000001  00001D  00001E         1       1  COMRAM  
                smallconst                     000800  00003C  00083C       400       0  SMALLCON
                text3                          00083C  00016F  0009AB       41E       0  CODE    


UNUSED ADDRESS RANGES

        Name                Unused          Largest block    Delta
        BANK0            0060-00FF             A0
        BANK1            0100-01FF            100
        BANK2            0200-02FF            100
        BANK3            0300-03FF            100
        BANK4            0400-04FF            100
        BANK5            0500-05FF            100
        BANK6            0600-06FF            100
        BANK7            0700-07FF            100
        BIGRAM           001E-07FF            7E2
        BIGSFR           0F60-0FFF             A0
        CODE             0004-07FF            7FC
                         09AB-7FFF           7655
        COMRAM           001E-005F             42
        CONFIG           300000-30000D              E
        CONST            0004-07FF            7FC
                         09AB-7FFF           7655
        EEDATA           F00000-F000FF            100
        IDLOC            200000-200007              8
        MEDIUMCONST      09AB-7FFF           7655
        RAM              0060-07FF            100
        SFR              0F60-0FFF             A0
        SMALLCONST       09AB-7FFF            100

                                  Symbol Table

_BRGH                       (abs)        7D62
_CREN                       (abs)        7D5C
_INTCON2bits                (abs)        0FF1
_LATCbits                   (abs)        0F8B
_LATD                       (abs)        0F8C
_LATEbits                   (abs)        0F8D
_OERR                       (abs)        7D59
_PORTBbits                  (abs)        0F81
_RCIF                       (abs)        7CF5
_RCREG                      (abs)        0FAE
_SPBRG                      (abs)        0FAF
_SPEN                       (abs)        7D5F
_SYNC                       (abs)        7D64
_TRISBbits                  (abs)        0F93
_TRISCbits                  (abs)        0F94
_TRISD                      (abs)        0F95
_TRISEbits                  (abs)        0F96
_TRMT                       (abs)        7D61
_TXEN                       (abs)        7D65
_TXREG                      (abs)        0FAD
__HRAM                      (abs)        0000
__H__absolute__             __absolute__ 0000
__Habs1                     abs1         0000
__Hbank0                    bank0        0000
__Hbank1                    bank1        0000
__Hbank2                    bank2        0000
__Hbank3                    bank3        0000
__Hbank4                    bank4        0000
__Hbank5                    bank5        0000
__Hbank6                    bank6        0000
__Hbank7                    bank7        0000
__Hbigbss                   bigbss       0000
__Hbigdata                  bigdata      0000
__Hbigram                   bigram       0000
__Hbigsfr                   bigsfr       0000
__Hbss                      bss          0000
__HbssCOMRAM                bssCOMRAM    0000
__Hcinit                    cinit        0000
__Hclrtext                  clrtext      0000
__Hcomram                   comram       0000
__Hconfig                   config       0000
__Hconst                    const        0000
__HcstackCOMRAM             cstackCOMRAM 0000
__Hdata                     data         0000
__HdataCOMRAM               dataCOMRAM   0000
__Heeprom_data              eeprom_data  0000
__Hfarbss                   farbss       0000
__Hfardata                  fardata      0000
__Hheap                     heap         0000
__Hibigdata                 ibigdata     0000
__Hidata                    idata        0000
__HidataCOMRAM              idataCOMRAM  0000
__Hidloc                    idloc        0000
__Hifardata                 ifardata     0000
__Hinit                     init         0004
__Hintcode                  intcode      0000
__Hintcode_body             intcode_body 0000
__Hintcodelo                intcodelo    0000
__Hintentry                 intentry     0000
__Hintret                   intret       0000
__Hintsave_regs             intsave_regs 0000
__Hirdata                   irdata       0000
__Hmediumconst              mediumconst  0000
__HnvFARRAM                 nvFARRAM     0000
__Hnvbit                    nvbit        0000
__Hnvrram                   nvrram       0000
__Hparam                    rparam       0000
__Hpowerup                  powerup      0000
__Hram                      ram          0000
__Hramtop                   ramtop       0800
__Hrbit                     rbit         0000
__Hrbss                     rbss         0000
__Hrdata                    rdata        0000
__Hreset_vec                reset_vec    0000
__Hrparam                   rparam       0000
__Hsfr                      sfr          0000
__Hsivt_hi                  sivt_hi      0000
__Hsivt_lo                  sivt_lo      0000
__Hsmallconst               smallconst   083C
__Hspace_0                  (abs)        09AB
__Hspace_1                  (abs)        001E
__Hspace_2                  (abs)        0000
__Hspace_4                  (abs)        0000
__Hstack                    stack        0000
__Hstruct                   struct       0000
__Htemp                     temp         0000
__Htext                     text         0000
__Htext0                    text0        0000
__Htext1                    text1        0000
__Htext2                    text2        0000
__Htext3                    text3        0000
__Htext4                    text4        0000
__Htext5                    text5        0000
__Htext6                    text6        0000
__LRAM                      (abs)        0001
__L__absolute__             __absolute__ 0000
__Labs1                     abs1         0000
__Lbank0                    bank0        0000
__Lbank1                    bank1        0000
__Lbank2                    bank2        0000
__Lbank3                    bank3        0000
__Lbank4                    bank4        0000
__Lbank5                    bank5        0000
__Lbank6                    bank6        0000
__Lbank7                    bank7        0000
__Lbigbss                   bigbss       0000
__Lbigdata                  bigdata      0000
__Lbigram                   bigram       0000
__Lbigsfr                   bigsfr       0000
__Lbss                      bss          0000
__LbssCOMRAM                bssCOMRAM    0000
__Lcinit                    cinit        0000
__Lclrtext                  clrtext      0000
__Lcomram                   comram       0000
__Lconfig                   config       0000
__Lconst                    const        0000
__LcstackCOMRAM             cstackCOMRAM 0000
__Ldata                     data         0000
__LdataCOMRAM               dataCOMRAM   0000
__Leeprom_data              eeprom_data  0000
__Lfarbss                   farbss       0000
__Lfardata                  fardata      0000
__Lheap                     heap         0000
__Libigdata                 ibigdata     0000
__Lidata                    idata        0000
__LidataCOMRAM              idataCOMRAM  0000
__Lidloc                    idloc        0000
__Lifardata                 ifardata     0000
__Linit                     init         0000
__Lintcode                  intcode      0000
__Lintcode_body             intcode_body 0000
__Lintcodelo                intcodelo    0000
__Lintentry                 intentry     0000
__Lintret                   intret       0000
__Lintsave_regs             intsave_regs 0000
__Lirdata                   irdata       0000
__Lmediumconst              mediumconst  0000
__LnvFARRAM                 nvFARRAM     0000
__Lnvbit                    nvbit        0000
__Lnvrram                   nvrram       0000
__Lparam                    rparam       0000
__Lpowerup                  powerup      0000
__Lram                      ram          0000
__Lramtop                   ramtop       0800
__Lrbit                     rbit         0000
__Lrbss                     rbss         0000
__Lrdata                    rdata        0000
__Lreset_vec                reset_vec    0000
__Lrparam                   rparam       0000
__Lsfr                      sfr          0000
__Lsivt_hi                  sivt_hi      0000
__Lsivt_lo                  sivt_lo      0000
__Lsmallconst               smallconst   0800
__Lspace_0                  (abs)        0000
__Lspace_1                  (abs)        0000
__Lspace_2                  (abs)        0000
__Lspace_4                  (abs)        0000
__Lstack                    stack        0000
__Lstruct                   struct       0000
__Ltemp                     temp         0000
__Ltext                     text         0000
__Ltext0                    text0        0000
__Ltext1                    text1        0000
__Ltext2                    text2        0000
__Ltext3                    text3        0000
__Ltext4                    text4        0000
__Ltext5                    text5        0000
__Ltext6                    text6        0000
__S0                        (abs)        09AB
__S1                        (abs)        001E
__S4                        (abs)        0000
__S5                        (abs)        0000
___heap_hi                  (abs)        0000
___heap_lo                  (abs)        0000
___inthi_sp                 stack        0000
___inthi_stack_hi           stack        0000
___inthi_stack_lo           stack        0000
___intlo_sp                 stack        0000
___intlo_stack_hi           stack        0000
___intlo_stack_lo           stack        0000
___param_bank               (abs)        0000
___rparam_used              (abs)        0001
___sp                       stack        0000
___stack_hi                 stack        0000
___stack_lo                 stack        0000
__accesstop                 (abs)        0060
__activetblptr              (abs)        0002
__end_of__initialization    cinit        090C
__end_of_lcd_cmd            text6        0988
__end_of_lcd_data           text4        09A6
__end_of_lcd_init           text5        096A
__end_of_lcd_str            text3        089A
__end_of_main               text0        0944
__end_of_uart_init          text2        0998
__end_of_uart_receive_str   text1        08E0
__end_ofkeypad_getkey@F3226 smallconst   080D
__initialization            cinit        08E0
__mediumconst               mediumconst  0000
__pbssCOMRAM                bssCOMRAM    0011
__pcinit                    cinit        08E0
__pcstackCOMRAM             cstackCOMRAM 0001
__pdataCOMRAM               dataCOMRAM   0019
__pidataCOMRAM              idataCOMRAM  09A6
__psmallconst               smallconst   0800
__ptext0                    text0        0916
__ptext1                    text1        089A
__ptext2                    text2        0988
__ptext3                    text3        083C
__ptext4                    text4        0998
__ptext5                    text5        0944
__ptext6                    text6        096A
__ramtop                    ramtop       0800
__smallconst                smallconst   0800
_entered                    bssCOMRAM    0014
_index                      bssCOMRAM    0012
_lcd_cmd                    text6        096A
_lcd_data                   text4        0998
_lcd_init                   text5        0944
_lcd_str                    text3        083C
_main                       text0        0916
_password                   dataCOMRAM   0019
_uart_init                  text2        0988
_uart_receive_str           text1        089A
end_of_initialization       cinit        090C
intlevel0                   text         0000
intlevel1                   text         0000
intlevel2                   text         0000
intlevel3                   text         0000
isa$std                     (abs)        0001
isa$xinst                   (abs)        0000
keypad@position             bssCOMRAM    0013
keypad_getkey@F3226         smallconst   0801
keypad_password@position    bssCOMRAM    0011
lcd_cmd@cmd                 cstackCOMRAM 0002
lcd_data@data               cstackCOMRAM 0001
lcd_str@str                 cstackCOMRAM 0002
main@time_buffer            cstackCOMRAM 0005
stackhi                     (abs)        0000
stacklo                     (abs)        0000
start                       init         0000
start_initialization        cinit        08E0
uart_receive_str@buffer     cstackCOMRAM 0001
uart_receive_str@ch         cstackCOMRAM 0004
uart_receive_str@i          cstackCOMRAM 0002


MODULE INFORMATION

Module		Function		Class		Link	Load	Size
uart.c
		_uart_init     		CODE           	0988	0000	16
		_uart_receive_str		CODE           	089A	0000	70

uart.c estimated size: 86

shared
		keypad_getkey@F3226		SMALLCONST     	0801	0000	12
		__initialization		CODE           	08E0	0000	44

shared estimated size: 56

lcd.c
		_lcd_cmd       		CODE           	096A	0000	30
		_lcd_data      		CODE           	0998	0000	14
		_lcd_str       		CODE           	083C	0000	94
		_lcd_init      		CODE           	0944	0000	38

lcd.c estimated size: 176

main.c
		_main          		CODE           	0916	0000	46

main.c estimated size: 46

